// Jest Snapshot v1, https://goo.gl/fbAQLP

exports[`App component should render all chat application 1`] = `
<main
  className="main-wrapper"
>
  <Connect(MessageCounter) />
  <Connect(MessageList) />
  <Connect(MessageField) />
</main>
`;
