// Jest Snapshot v1, https://goo.gl/fbAQLP

exports[`Avatar component should render avatar image 1`] = `
<img
  alt="avatar"
  className="message-avatar"
  src="avatar.jpg"
/>
`;
