// Jest Snapshot v1, https://goo.gl/fbAQLP

exports[`Message textarea shoud render without error 1`] = `
<div>
  <form
    onSubmit={[Function]}
  >
    <textarea
      onChange={[Function]}
      value=""
    />
    <button
      type="submit"
    >
      Send
    </button>
  </form>
</div>
`;
